// Jest Snapshot v1, https://goo.gl/fbAQLP

exports[`renders the secret datum (hidden by default) 1`] = `
<span
  className="flex"
>
  <a
    id="togglesecret"
    onClick={[Function]}
    title="Toggle secret"
  >
    <Eye
      color="currentColor"
      size="24"
    />
  </a>
  <span
    className="flex margin-l-normal"
  >
    <a
      id="copysecret"
      onClick={[Function]}
      title="Copy plain secret to clipboard"
    >
      <Copy
        color="currentColor"
        size="24"
      />
    </a>
  </span>
  <span
    className="flex margin-l-normal"
  >
    <span>
      foo
      :
    </span>
    <span
      className="margin-l-small"
    >
      3
       bytes
    </span>
  </span>
</span>
`;
