// Jest Snapshot v1, https://goo.gl/fbAQLP

exports[`renders a app item 1`] = `
<CardGrid
  className="ChartInfo"
>
  <Card>
    <CardIcon
      icon="icon.png"
    />
    <CardContent>
      <h5>
        foo
      </h5>
      <p
        className="margin-b-reset"
      >
        test chart
      </p>
    </CardContent>
    <CardFooter>
      <small>
        <div>
          <div>
            Chart Name: 
            bar
          </div>
          <div>
            Chart Version: 
            1.0.0
          </div>
          <div>
            <span>
              App Version: 
              0.0.1
            </span>
          </div>
        </div>
      </small>
    </CardFooter>
  </Card>
</CardGrid>
`;
