// Jest Snapshot v1, https://goo.gl/fbAQLP

exports[`should render the icon if set 1`] = `
<div
  className="Card__icon bg-light text-c"
>
  <img
    alt=""
    src="foo"
  />
</div>
`;
