// Jest Snapshot v1, https://goo.gl/fbAQLP

exports[`renders each element in the array 1`] = `
<div
  className="undefined margin-b-normal"
>
  <label />
  <div
    key="0"
  >
    <div
      className="margin-b-normal"
    >
      <div
        className="test1"
      />
    </div>
    <button
      className="button button-small"
      type="button"
    >
      Down
    </button>
    <button
      className="button button-small"
      type="button"
    >
      Up
    </button>
    <button
      className="button button-danger button-small"
      type="button"
    >
      Delete
    </button>
    <hr />
  </div>
  <div
    key="1"
  >
    <div
      className="margin-b-normal"
    >
      <div
        className="test2"
      />
    </div>
    <button
      className="button button-small"
      type="button"
    >
      Down
    </button>
    <button
      className="button button-small"
      type="button"
    >
      Up
    </button>
    <button
      className="button button-danger button-small"
      type="button"
    >
      Delete
    </button>
    <hr />
  </div>
</div>
`;
