// Jest Snapshot v1, https://goo.gl/fbAQLP

exports[`renders the full DeploymentForm 1`] = `
<form
  className="container padding-b-bigger"
  onSubmit={[Function]}
>
  <div
    className="row"
  >
    <div
      className="col-8"
    >
      <InfoBox
        msg=""
      />
    </div>
    <div
      className="col-12"
    >
      <h2>
        foo
      </h2>
    </div>
    <div
      className="col-8"
    >
      <div>
        <label
          htmlFor="releaseName"
        >
          Name
        </label>
        <input
          id="releaseName"
          onChange={[Function]}
          pattern="[a-z0-9]([-a-z0-9]*[a-z0-9])?(\\\\.[a-z0-9]([-a-z0-9]*[a-z0-9])?)*"
          required={true}
          title="Use lower case alphanumeric characters, '-' or '.'"
          value="my-release"
        />
      </div>
      <DeploymentFormBody
        appValues=""
        chartID="foo"
        chartVersion="1.0.0"
        getChartVersion={[MockFunction]}
        namespace="default"
        push={[MockFunction]}
        selected={
          Object {
            "version": Object {
              "attributes": Object {
                "version": "1.2.3",
              },
              "id": "foo",
            },
            "versions": Array [
              Object {
                "attributes": Object {
                  "version": "1.2.3",
                },
                "id": "foo",
              },
            ],
          }
        }
        setValues={[Function]}
        setValuesModified={[Function]}
      />
    </div>
  </div>
</form>
`;
